= //examples/vendor/constant_gen:license_for_emitted_code
  kind: @//examples/my_org/licenses:unencumbered
  conditions: []
